// Jest Snapshot v1, https://goo.gl/fbAQLP

exports[`Endecision Component debe de hacer match con el snapshot 1`] = `
<!--v-if-->
<!-- utilizamos un v:bind == ':' / preguntamos con el v-if si hay una imagen-->
<div class="bg-dark"></div>
<div class="indecision-container"><input type="text" placeholder="Hazme una pregunta">
  <p>Recuerda terminar con un signo de interrogaci√≥n (?)</p>
  <!--v-if-->
</div>
`;
